4 actionable tasks: 2 executed, 2 up-to-date
